INFO: [VRFC 10-2263] Analyzing SystemVerilog file "C:/Users/hrush/Desktop/ASIC/ASIC-Course-Project-main/KPU_Version1.sv" into library xil_defaultlib
INFO: [VRFC 10-311] analyzing module KPU_cluster
INFO: [VRFC 10-311] analyzing module KPC
WARNING: [VRFC 10-8497] literal value 'd16 truncated to fit in 4 bits [C:/Users/hrush/Desktop/ASIC/ASIC-Course-Project-main/KPU_Version1.sv:349]
INFO: [VRFC 10-311] analyzing module KPC
WARNING: [VRFC 10-3609] overwriting previous definition of module 'KPC' [C:/Users/hrush/Desktop/ASIC/ASIC-Course-Project-main/KPU_Version1.sv:378]
INFO: [VRFC 10-2263] Analyzing SystemVerilog file "C:/Users/hrush/Desktop/ASIC/ASIC-Course-Project-main/Line_Memory.sv" into library xil_defaultlib
INFO: [VRFC 10-311] analyzing module Line_Memory
WARNING: [VRFC 10-3380] identifier 'WA' is used before its declaration [C:/Users/hrush/Desktop/ASIC/ASIC-Course-Project-main/Line_Memory.sv:46]
INFO: [VRFC 10-311] analyzing module Address_Decoder
INFO: [VRFC 10-311] analyzing module WAG
INFO: [VRFC 10-311] analyzing module RAG
INFO: [VRFC 10-2263] Analyzing SystemVerilog file "C:/Users/hrush/Desktop/ASIC/ASIC-Course-Project-main/Memory.sv" into library xil_defaultlib
INFO: [VRFC 10-311] analyzing module Memory
INFO: [VRFC 10-2263] Analyzing SystemVerilog file "C:/Users/hrush/Desktop/ASIC/ASIC-Course-Project-main/PE.sv" into library xil_defaultlib
INFO: [VRFC 10-311] analyzing module PE
INFO: [VRFC 10-311] analyzing module AGU_Write
INFO: [VRFC 10-311] analyzing module AGU_Read
INFO: [VRFC 10-311] analyzing module MAC
INFO: [VRFC 10-311] analyzing module MAX
INFO: [VRFC 10-311] analyzing module MIN
INFO: [VRFC 10-2263] Analyzing SystemVerilog file "C:/Users/hrush/Desktop/ASIC-Course-Project/ASIC_MID_PROGRESS.srcs/sim_1/new/tb_kpu.sv" into library xil_defaultlib
INFO: [VRFC 10-311] analyzing module tb_KPU
