Vivado Simulator v2022.2
Copyright 1986-1999, 2001-2022 Xilinx, Inc. All Rights Reserved.
Running: C:/Xilinx/Vivado/2022.2/bin/unwrapped/win64.o/xelab.exe --incr --debug typical --relax --mt 2 -L xil_defaultlib -L uvm -L unisims_ver -L unimacro_ver -L secureip --snapshot tb_line_memory_behav xil_defaultlib.tb_line_memory xil_defaultlib.glbl -log elaborate.log 
Using 2 slave threads.
Starting static elaboration
Pass Through NonSizing Optimizer
Completed static elaboration
Starting simulation data flow analysis
WARNING: [XSIM 43-4099] "C:/Users/hrush/Desktop/ASIC/ASIC-Course-Project-main/Line_Memory.sv" Line 1. Module pkg_line_memory doesn't have a timescale but at least one module in design has a timescale.
WARNING: [XSIM 43-4099] "C:/Users/hrush/Desktop/ASIC/ASIC-Course-Project-main/Line_Memory.sv" Line 1. Module pkg_line_memory doesn't have a timescale but at least one module in design has a timescale.
WARNING: [XSIM 43-4099] "C:/Users/hrush/Desktop/ASIC/ASIC-Course-Project-main/Line_Memory.sv" Line 21. Module Line_Memory doesn't have a timescale but at least one module in design has a timescale.
WARNING: [XSIM 43-4099] "C:/Users/hrush/Desktop/ASIC/ASIC-Course-Project-main/Line_Memory.sv" Line 138. Module WAG doesn't have a timescale but at least one module in design has a timescale.
WARNING: [XSIM 43-4099] "C:/Users/hrush/Desktop/ASIC/ASIC-Course-Project-main/Line_Memory.sv" Line 154. Module RAG doesn't have a timescale but at least one module in design has a timescale.
WARNING: [XSIM 43-4099] "C:/Users/hrush/Desktop/ASIC/ASIC-Course-Project-main/Memory.sv" Line 2. Module Memory(Data_Depth=128,Address_Bit_Width=7) doesn't have a timescale but at least one module in design has a timescale.
WARNING: [XSIM 43-4099] "C:/Users/hrush/Desktop/ASIC/ASIC-Course-Project-main/Line_Memory.sv" Line 122. Module Address_Decoder doesn't have a timescale but at least one module in design has a timescale.
WARNING: [XSIM 43-4099] "C:/Users/hrush/Desktop/ASIC/ASIC-Course-Project-main/Line_Memory.sv" Line 21. Module Line_Memory doesn't have a timescale but at least one module in design has a timescale.
WARNING: [XSIM 43-4099] "C:/Users/hrush/Desktop/ASIC/ASIC-Course-Project-main/Line_Memory.sv" Line 138. Module WAG doesn't have a timescale but at least one module in design has a timescale.
WARNING: [XSIM 43-4099] "C:/Users/hrush/Desktop/ASIC/ASIC-Course-Project-main/Line_Memory.sv" Line 154. Module RAG doesn't have a timescale but at least one module in design has a timescale.
WARNING: [XSIM 43-4099] "C:/Users/hrush/Desktop/ASIC/ASIC-Course-Project-main/Memory.sv" Line 2. Module Memory(Data_Depth=128,Address_Bit_Width=7) doesn't have a timescale but at least one module in design has a timescale.
WARNING: [XSIM 43-4099] "C:/Users/hrush/Desktop/ASIC/ASIC-Course-Project-main/Line_Memory.sv" Line 122. Module Address_Decoder doesn't have a timescale but at least one module in design has a timescale.
Completed simulation data flow analysis
Time Resolution for simulation is 1ps
Compiling package xil_defaultlib.pkg_tb
Compiling package xil_defaultlib.pkg_line_memory
Compiling module xil_defaultlib.WAG
Compiling module xil_defaultlib.RAG
Compiling module xil_defaultlib.Memory(Data_Depth=128,Address_Bi...
Compiling module xil_defaultlib.Address_Decoder
Compiling module xil_defaultlib.Line_Memory
Compiling module xil_defaultlib.tb_line_memory
Compiling module xil_defaultlib.glbl
Built simulation snapshot tb_line_memory_behav
