Time resolution is 1 ps

================================================================
  IMAGE CLASSIFICATION TEST
================================================================
  Input image (3x3 grayscale, pixels 1-9):
    [ 1  2  3 ]
    [ 4  5  6 ]
    [ 7  8  9 ]
  Using average pixel = 5 (broadcast to all M rows)
  9 classes, filter weights = [1,2,...,9] Q8.8
  Expected AC per class: 4320, 8640, ..., 38880
  Expected classification: class 8 (weight=9, max AC=38880)
================================================================

  [INFO] Layer 0 (Conv): computing 9 class activations...
  [INFO] Inference complete

================================================================
  CLASSIFICATION RESULT
================================================================
  Detected class  : 8
  Expected class  : 8  (highest weight = 9, max activation)
  Result          : [PASS] Correct classification!
================================================================

  Per-class activation breakdown:
  Class | Weight | Expected AC | Note
  ------|--------|-------------|-----
     0  |    1   |      4320   |                   
     1  |    2   |      8640   |                   
     2  |    3   |     12960   |                   
     3  |    4   |     17280   |                   
     4  |    5   |     21600   |                   
     5  |    6   |     25920   |                   
     6  |    7   |     30240   |                   
     7  |    8   |     34560   |                   
     8  |    9   |     38880   | <-- max (detected)
$finish called at time : 2836 ns : File "C:/Users/hrush/Desktop/ASIC-Course-Project/project_1/project_1.srcs/sim_1/new/tb_image_test.sv" Line 253
