#-----------------------------------------------------------
# Vivado v2022.2 (64-bit)
# SW Build 3671981 on Fri Oct 14 05:00:03 MDT 2022
# IP Build 3669848 on Fri Oct 14 08:30:02 MDT 2022
# Start of session at: Sun Mar 15 19:05:03 2026
# Process ID: 31676
# Current directory: C:/Users/hrush/Desktop/ASIC_BACKUP/project_1
# Command line: vivado.exe -gui_launcher_event rodinguilauncherevent26188 C:\Users\hrush\Desktop\ASIC_BACKUP\project_1\project_1.xpr
# Log file: C:/Users/hrush/Desktop/ASIC_BACKUP/project_1/vivado.log
# Journal file: C:/Users/hrush/Desktop/ASIC_BACKUP/project_1\vivado.jou
# Running On: hrushikesh, OS: Windows, CPU Frequency: 2496 MHz, CPU Physical cores: 8, Host memory: 16831 MB
#-----------------------------------------------------------
start_gui
open_project C:/Users/hrush/Desktop/ASIC_BACKUP/project_1/project_1.xpr
WARNING: [Board 49-26] cannot add Board Part xilinx.com:kc705:part0:1.6 available at C:/Xilinx/Vivado/2022.2/data/xhub/boards/XilinxBoardStore/boards/Xilinx/kc705/1.6/board.xml as part xc7k325tffg900-2 specified in board_part file is either invalid or not available
WARNING: [Board 49-26] cannot add Board Part xilinx.com:kcu105:part0:1.6 available at C:/Xilinx/Vivado/2022.2/data/xhub/boards/XilinxBoardStore/boards/Xilinx/kcu105/1.6/board.xml as part xcku040-ffva1156-2-e specified in board_part file is either invalid or not available
WARNING: [Board 49-26] cannot add Board Part xilinx.com:kcu105:part0:1.7 available at C:/Xilinx/Vivado/2022.2/data/xhub/boards/XilinxBoardStore/boards/Xilinx/kcu105/1.7/board.xml as part xcku040-ffva1156-2-e specified in board_part file is either invalid or not available
WARNING: [Board 49-26] cannot add Board Part xilinx.com:kcu1500:part0:1.2 available at C:/Xilinx/Vivado/2022.2/data/xhub/boards/XilinxBoardStore/boards/Xilinx/kcu1500/1.2/board.xml as part xcku115-flvb2104-2-e specified in board_part file is either invalid or not available
WARNING: [Board 49-26] cannot add Board Part xilinx.com:sp701:part0:1.0 available at C:/Xilinx/Vivado/2022.2/data/xhub/boards/XilinxBoardStore/boards/Xilinx/sp701/1.0/board.xml as part xc7s100fgga676-2 specified in board_part file is either invalid or not available
WARNING: [Board 49-26] cannot add Board Part xilinx.com:sp701:part0:1.1 available at C:/Xilinx/Vivado/2022.2/data/xhub/boards/XilinxBoardStore/boards/Xilinx/sp701/1.1/board.xml as part xc7s100fgga676-2 specified in board_part file is either invalid or not available
WARNING: [Board 49-26] cannot add Board Part xilinx.com:vc707:part0:1.4 available at C:/Xilinx/Vivado/2022.2/data/xhub/boards/XilinxBoardStore/boards/Xilinx/vc707/1.4/board.xml as part xc7vx485tffg1761-2 specified in board_part file is either invalid or not available
WARNING: [Board 49-26] cannot add Board Part xilinx.com:vc709:part0:1.8 available at C:/Xilinx/Vivado/2022.2/data/xhub/boards/XilinxBoardStore/boards/Xilinx/vc709/1.8/board.xml as part xc7vx690tffg1761-2 specified in board_part file is either invalid or not available
WARNING: [Board 49-26] cannot add Board Part xilinx.com:vck190:part0:2.2 available at C:/Xilinx/Vivado/2022.2/data/xhub/boards/XilinxBoardStore/boards/Xilinx/vck190/production/2.2/board.xml as part xcvc1902-vsva2197-2mp-e-s specified in board_part file is either invalid or not available
WARNING: [Board 49-26] cannot add Board Part xilinx.com:vck190:part0:3.0 available at C:/Xilinx/Vivado/2022.2/data/xhub/boards/XilinxBoardStore/boards/Xilinx/vck190/production/3.0/board.xml as part xcvc1902-vsva2197-2mp-e-s specified in board_part file is either invalid or not available
WARNING: [Board 49-26] cannot add Board Part xilinx.com:vck190:part0:3.1 available at C:/Xilinx/Vivado/2022.2/data/xhub/boards/XilinxBoardStore/boards/Xilinx/vck190/production/3.1/board.xml as part xcvc1902-vsva2197-2mp-e-s specified in board_part file is either invalid or not available
WARNING: [Board 49-26] cannot add Board Part xilinx.com:vck190_newl:part0:1.0 available at C:/Xilinx/Vivado/2022.2/data/xhub/boards/XilinxBoardStore/boards/Xilinx/vck190_newl/production/1.0/board.xml as part xcvc1902-vsva2197-2mp-e-s specified in board_part file is either invalid or not available
WARNING: [Board 49-26] cannot add Board Part xilinx.com:vcu108:part0:1.6 available at C:/Xilinx/Vivado/2022.2/data/xhub/boards/XilinxBoardStore/boards/Xilinx/vcu108/1.6/board.xml as part xcvu095-ffva2104-2-e specified in board_part file is either invalid or not available
WARNING: [Board 49-26] cannot add Board Part xilinx.com:vcu108:part0:1.7 available at C:/Xilinx/Vivado/2022.2/data/xhub/boards/XilinxBoardStore/boards/Xilinx/vcu108/1.7/board.xml as part xcvu095-ffva2104-2-e specified in board_part file is either invalid or not available
WARNING: [Board 49-26] cannot add Board Part xilinx.com:vcu110:part0:1.4 available at C:/Xilinx/Vivado/2022.2/data/xhub/boards/XilinxBoardStore/boards/Xilinx/vcu110/1.4/board.xml as part xcvu190-flgc2104-2-e specified in board_part file is either invalid or not available
WARNING: [Board 49-26] cannot add Board Part xilinx.com:vcu118:part0:2.0 available at C:/Xilinx/Vivado/2022.2/data/xhub/boards/XilinxBoardStore/boards/Xilinx/vcu118/2.0/board.xml as part xcvu9p-flga2104-2l-e specified in board_part file is either invalid or not available
WARNING: [Board 49-26] cannot add Board Part xilinx.com:vcu118:part0:2.3 available at C:/Xilinx/Vivado/2022.2/data/xhub/boards/XilinxBoardStore/boards/Xilinx/vcu118/2.3/board.xml as part xcvu9p-flga2104-2l-e specified in board_part file is either invalid or not available
WARNING: [Board 49-26] cannot add Board Part xilinx.com:vcu118:part0:2.4 available at C:/Xilinx/Vivado/2022.2/data/xhub/boards/XilinxBoardStore/boards/Xilinx/vcu118/2.4/board.xml as part xcvu9p-flga2104-2l-e specified in board_part file is either invalid or not available
WARNING: [Board 49-26] cannot add Board Part xilinx.com:vcu128:part0:1.0 available at C:/Xilinx/Vivado/2022.2/data/xhub/boards/XilinxBoardStore/boards/Xilinx/vcu128/production/1.0/board.xml as part xcvu37p-fsvh2892-2l-e specified in board_part file is either invalid or not available
WARNING: [Board 49-26] cannot add Board Part xilinx.com:vcu129:part0:1.0 available at C:/Xilinx/Vivado/2022.2/data/xhub/boards/XilinxBoardStore/boards/Xilinx/vcu129/production/1.0/board.xml as part xcvu29p-fsga2577-2l-e specified in board_part file is either invalid or not available
WARNING: [Board 49-26] cannot add Board Part xilinx.com:vcu1525:part0:1.3 available at C:/Xilinx/Vivado/2022.2/data/xhub/boards/XilinxBoardStore/boards/Xilinx/vcu1525/1.3/board.xml as part xcvu9p-fsgd2104-2l-e specified in board_part file is either invalid or not available
WARNING: [Board 49-26] cannot add Board Part xilinx.com:vek280_es:part0:1.0 available at C:/Xilinx/Vivado/2022.2/data/xhub/boards/XilinxBoardStore/boards/Xilinx/vek280/es/1.0/board.xml as part xcve2802-vsvh1760-2lp-e-s-es1 specified in board_part file is either invalid or not available
WARNING: [Board 49-26] cannot add Board Part xilinx.com:vermeo_t1_mpsoc:part0:1.0 available at C:/Xilinx/Vivado/2022.2/data/xhub/boards/XilinxBoardStore/boards/Xilinx/vermeo_t1_mpsoc/1.0/board.xml as part xczu19eg-ffvd1760-2l-e specified in board_part file is either invalid or not available
WARNING: [Board 49-26] cannot add Board Part xilinx.com:vermeo_t1_rfsoc:part0:1.0 available at C:/Xilinx/Vivado/2022.2/data/xhub/boards/XilinxBoardStore/boards/Xilinx/vermeo_t1_rfsoc/1.0/board.xml as part xczu21dr-ffvd1156-2l-e specified in board_part file is either invalid or not available
WARNING: [Board 49-26] cannot add Board Part xilinx.com:vhk158_es:part0:1.0 available at C:/Xilinx/Vivado/2022.2/data/xhub/boards/XilinxBoardStore/boards/Xilinx/vhk158/es/1.0/board.xml as part xcvh1582-vsva3697-2mp-e-s-es1 specified in board_part file is either invalid or not available
WARNING: [Board 49-26] cannot add Board Part xilinx.com:vmk180:part0:2.2 available at C:/Xilinx/Vivado/2022.2/data/xhub/boards/XilinxBoardStore/boards/Xilinx/vmk180/production/2.2/board.xml as part xcvm1802-vsva2197-2mp-e-s specified in board_part file is either invalid or not available
WARNING: [Board 49-26] cannot add Board Part xilinx.com:vmk180:part0:3.0 available at C:/Xilinx/Vivado/2022.2/data/xhub/boards/XilinxBoardStore/boards/Xilinx/vmk180/production/3.0/board.xml as part xcvm1802-vsva2197-2mp-e-s specified in board_part file is either invalid or not available
WARNING: [Board 49-26] cannot add Board Part xilinx.com:vmk180:part0:3.1 available at C:/Xilinx/Vivado/2022.2/data/xhub/boards/XilinxBoardStore/boards/Xilinx/vmk180/production/3.1/board.xml as part xcvm1802-vsva2197-2mp-e-s specified in board_part file is either invalid or not available
WARNING: [Board 49-26] cannot add Board Part xilinx.com:vmk180_newl:part0:1.0 available at C:/Xilinx/Vivado/2022.2/data/xhub/boards/XilinxBoardStore/boards/Xilinx/vmk180_newl/production/1.0/board.xml as part xcvm1802-vsva2197-2mp-e-s specified in board_part file is either invalid or not available
WARNING: [Board 49-26] cannot add Board Part xilinx.com:vpk120:part0:1.0 available at C:/Xilinx/Vivado/2022.2/data/xhub/boards/XilinxBoardStore/boards/Xilinx/vpk120/production/1.0/board.xml as part xcvp1202-vsva2785-2mp-e-s specified in board_part file is either invalid or not available
WARNING: [Board 49-26] cannot add Board Part xilinx.com:vpk120_es:part0:1.2 available at C:/Xilinx/Vivado/2022.2/data/xhub/boards/XilinxBoardStore/boards/Xilinx/vpk120/es/1.2/board.xml as part xcvp1202-vsva2785-2mp-e-s-es1 specified in board_part file is either invalid or not available
WARNING: [Board 49-26] cannot add Board Part xilinx.com:vpk120_es_revb:part0:1.0 available at C:/Xilinx/Vivado/2022.2/data/xhub/boards/XilinxBoardStore/boards/Xilinx/vpk120_revb/es/1.0/board.xml as part xcvp1202-vsva2785-2mp-e-s-es1 specified in board_part file is either invalid or not available
WARNING: [Board 49-26] cannot add Board Part xilinx.com:vpk180_es:part0:1.0 available at C:/Xilinx/Vivado/2022.2/data/xhub/boards/XilinxBoardStore/boards/Xilinx/vpk180/es/1.0/board.xml as part xcvp1802-lsvc4072-2mp-e-s-es1 specified in board_part file is either invalid or not available
WARNING: [Board 49-26] cannot add Board Part xilinx.com:zc706:part0:1.4 available at C:/Xilinx/Vivado/2022.2/data/xhub/boards/XilinxBoardStore/boards/Xilinx/zc706/1.4/board.xml as part xc7z045ffg900-2 specified in board_part file is either invalid or not available
WARNING: [Board 49-26] cannot add Board Part xilinx.com:zcu102:part0:3.3 available at C:/Xilinx/Vivado/2022.2/data/xhub/boards/XilinxBoardStore/boards/Xilinx/zcu102/3.3/board.xml as part xczu9eg-ffvb1156-2-e specified in board_part file is either invalid or not available
WARNING: [Board 49-26] cannot add Board Part xilinx.com:zcu102:part0:3.4 available at C:/Xilinx/Vivado/2022.2/data/xhub/boards/XilinxBoardStore/boards/Xilinx/zcu102/3.4/board.xml as part xczu9eg-ffvb1156-2-e specified in board_part file is either invalid or not available
WARNING: [Board 49-26] cannot add Board Part xilinx.com:zcu111:part0:1.2 available at C:/Xilinx/Vivado/2022.2/data/xhub/boards/XilinxBoardStore/boards/Xilinx/zcu111/1.2/board.xml as part xczu28dr-ffvg1517-2-e specified in board_part file is either invalid or not available
WARNING: [Board 49-26] cannot add Board Part xilinx.com:zcu111:part0:1.3 available at C:/Xilinx/Vivado/2022.2/data/xhub/boards/XilinxBoardStore/boards/Xilinx/zcu111/1.3/board.xml as part xczu28dr-ffvg1517-2-e specified in board_part file is either invalid or not available
WARNING: [Board 49-26] cannot add Board Part xilinx.com:zcu111:part0:1.4 available at C:/Xilinx/Vivado/2022.2/data/xhub/boards/XilinxBoardStore/boards/Xilinx/zcu111/1.4/board.xml as part xczu28dr-ffvg1517-2-e specified in board_part file is either invalid or not available
WARNING: [Board 49-26] cannot add Board Part xilinx.com:zcu1275:part0:1.0 available at C:/Xilinx/Vivado/2022.2/data/xhub/boards/XilinxBoardStore/boards/Xilinx/zcu1275/1.0/board.xml as part xczu29dr-ffvf1760-2-e specified in board_part file is either invalid or not available
WARNING: [Board 49-26] cannot add Board Part xilinx.com:zcu1285:part0:1.0 available at C:/Xilinx/Vivado/2022.2/data/xhub/boards/XilinxBoardStore/boards/Xilinx/zcu1285/1.0/board.xml as part xczu39dr-ffvf1760-2-i specified in board_part file is either invalid or not available
WARNING: [Board 49-26] cannot add Board Part xilinx.com:zcu208:part0:2.0 available at C:/Xilinx/Vivado/2022.2/data/xhub/boards/XilinxBoardStore/boards/Xilinx/zcu208/production/2.0/board.xml as part xczu48dr-fsvg1517-2-e specified in board_part file is either invalid or not available
WARNING: [Board 49-26] cannot add Board Part xilinx.com:zcu208ld:part0:2.0 available at C:/Xilinx/Vivado/2022.2/data/xhub/boards/XilinxBoardStore/boards/Xilinx/zcu208ld/production/2.0/board.xml as part xczu58dr-fsvg1517-2-i specified in board_part file is either invalid or not available
WARNING: [Board 49-26] cannot add Board Part xilinx.com:zcu216:part0:2.0 available at C:/Xilinx/Vivado/2022.2/data/xhub/boards/XilinxBoardStore/boards/Xilinx/zcu216/production/2.0/board.xml as part xczu49dr-ffvf1760-2-e specified in board_part file is either invalid or not available
WARNING: [Board 49-26] cannot add Board Part xilinx.com:zcu216ld:part0:2.0 available at C:/Xilinx/Vivado/2022.2/data/xhub/boards/XilinxBoardStore/boards/Xilinx/zcu216ld/production/2.0/board.xml as part xczu59dr-ffvf1760-2-i specified in board_part file is either invalid or not available
WARNING: [Board 49-26] cannot add Board Part xilinx.com:zcu670:part0:2.0 available at C:/Xilinx/Vivado/2022.2/data/xhub/boards/XilinxBoardStore/boards/Xilinx/zcu670/2.0/board.xml as part xczu67dr-fsve1156-2-i specified in board_part file is either invalid or not available
WARNING: [Board 49-26] cannot add Board Part xilinx.com:zcu670ld:part0:1.0 available at C:/Xilinx/Vivado/2022.2/data/xhub/boards/XilinxBoardStore/boards/Xilinx/zcu670ld/1.0/board.xml as part xczu57dr-fsve1156-2-i specified in board_part file is either invalid or not available
INFO: [Project 1-313] Project file moved from 'C:/Users/hrush/Desktop/ASIC_TEST/project_1' since last save.
INFO: [filemgmt 56-3] Default IP Output Path : Could not find the directory 'C:/Users/hrush/Desktop/ASIC_BACKUP/project_1/project_1.gen/sources_1'.
Scanning sources...
Finished scanning sources
INFO: [IP_Flow 19-234] Refreshing IP repositories
INFO: [IP_Flow 19-1704] No user IP repositories specified
INFO: [IP_Flow 19-2313] Loaded Vivado IP repository 'C:/Xilinx/Vivado/2022.2/data/ip'.
open_project: Time (s): cpu = 00:00:16 ; elapsed = 00:00:08 . Memory (MB): peak = 1106.367 ; gain = 308.301
update_compile_order -fileset sources_1
update_compile_order -fileset sim_1
set_property top tb_metrics_864 [get_filesets sim_1]
set_property top_lib xil_defaultlib [get_filesets sim_1]
update_compile_order -fileset sim_1
launch_simulation
Command: launch_simulation 
INFO: [Vivado 12-12493] Simulation top is 'tb_metrics_864'
WARNING: [Vivado 12-13340] Unable to auto find GCC executables from simulator install path! (path not set)
WARNING: [Vivado 12-13277] Compiled library path does not exist: ''
INFO: [Vivado 12-5682] Launching behavioral simulation in 'C:/Users/hrush/Desktop/ASIC_BACKUP/project_1/project_1.sim/sim_1/behav/xsim'
INFO: [SIM-utils-51] Simulation object is 'sim_1'
INFO: [SIM-utils-72] Using boost library from 'C:/Xilinx/Vivado/2022.2/tps/boost_1_72_0'
INFO: [SIM-utils-54] Inspecting design source files for 'tb_metrics_864' in fileset 'sim_1'...
INFO: [USF-XSim-97] Finding global include files...
INFO: [USF-XSim-98] Fetching design files from 'sim_1'...
INFO: [USF-XSim-2] XSim::Compile design
INFO: [USF-XSim-61] Executing 'COMPILE and ANALYZE' step in 'C:/Users/hrush/Desktop/ASIC_BACKUP/project_1/project_1.sim/sim_1/behav/xsim'
"xvlog --incr --relax -L uvm -prj tb_metrics_864_vlog.prj"
INFO: [VRFC 10-2263] Analyzing SystemVerilog file "C:/Users/hrush/Desktop/ASIC_BACKUP/project_1/project_1.srcs/sources_1/new/IEC.sv" into library xil_defaultlib
INFO: [VRFC 10-311] analyzing module IEC
INFO: [VRFC 10-2263] Analyzing SystemVerilog file "C:/Users/hrush/Desktop/ASIC_BACKUP/project_1/project_1.srcs/sources_1/new/CNN_inference_engine.sv" into library xil_defaultlib
INFO: [VRFC 10-311] analyzing module CNN_Inference_Engine
INFO: [VRFC 10-2263] Analyzing SystemVerilog file "C:/Users/hrush/Desktop/ASIC_BACKUP/project_1/project_1.srcs/sources_1/new/CU.sv" into library xil_defaultlib
INFO: [VRFC 10-311] analyzing module CNG
INFO: [VRFC 10-311] analyzing module ACSU
INFO: [VRFC 10-311] analyzing module CUC
INFO: [VRFC 10-311] analyzing module DSR
INFO: [VRFC 10-311] analyzing module CU
INFO: [VRFC 10-2263] Analyzing SystemVerilog file "C:/Users/hrush/Desktop/ASIC_BACKUP/project_1/project_1.srcs/sources_1/new/kpu.sv" into library xil_defaultlib
INFO: [VRFC 10-311] analyzing module KPC
INFO: [VRFC 10-311] analyzing module Line_Memory
INFO: [VRFC 10-311] analyzing module PE_core
INFO: [VRFC 10-311] analyzing module KPU_cluster
INFO: [VRFC 10-2263] Analyzing SystemVerilog file "C:/Users/hrush/Desktop/ASIC_BACKUP/project_1/project_1.srcs/sim_1/new/tb_metric.sv" into library xil_defaultlib
INFO: [VRFC 10-311] analyzing module tb_metrics_864
INFO: [VRFC 10-2263] Analyzing Verilog file "C:/Users/hrush/Desktop/ASIC_BACKUP/project_1/project_1.sim/sim_1/behav/xsim/glbl.v" into library xil_defaultlib
INFO: [VRFC 10-311] analyzing module glbl
INFO: [USF-XSim-69] 'compile' step finished in '2' seconds
INFO: [USF-XSim-3] XSim::Elaborate design
INFO: [USF-XSim-61] Executing 'ELABORATE' step in 'C:/Users/hrush/Desktop/ASIC_BACKUP/project_1/project_1.sim/sim_1/behav/xsim'
"xelab --incr --debug typical --relax --mt 2 -L xil_defaultlib -L uvm -L unisims_ver -L unimacro_ver -L secureip --snapshot tb_metrics_864_behav xil_defaultlib.tb_metrics_864 xil_defaultlib.glbl -log elaborate.log"
Vivado Simulator v2022.2
Copyright 1986-1999, 2001-2022 Xilinx, Inc. All Rights Reserved.
Running: C:/Xilinx/Vivado/2022.2/bin/unwrapped/win64.o/xelab.exe --incr --debug typical --relax --mt 2 -L xil_defaultlib -L uvm -L unisims_ver -L unimacro_ver -L secureip --snapshot tb_metrics_864_behav xil_defaultlib.tb_metrics_864 xil_defaultlib.glbl -log elaborate.log 
Using 2 slave threads.
Starting static elaboration
Pass Through NonSizing Optimizer
Completed static elaboration
Starting simulation data flow analysis
Completed simulation data flow analysis
Time Resolution for simulation is 1ps
Compiling package xil_defaultlib.pkg_IEC
Compiling package xil_defaultlib.pkg_KPU
Compiling package xil_defaultlib.pkg_CU
Compiling module xil_defaultlib.IEC
Compiling module xil_defaultlib.KPC
Compiling module xil_defaultlib.Line_Memory
Compiling module xil_defaultlib.PE_core
Compiling module xil_defaultlib.KPU_cluster_default
Compiling module xil_defaultlib.DSR
Compiling module xil_defaultlib.CUC
Compiling module xil_defaultlib.CNG
Compiling module xil_defaultlib.ACSU
Compiling module xil_defaultlib.CU
Compiling module xil_defaultlib.CNN_Inference_Engine
Compiling module xil_defaultlib.tb_metrics_864
Compiling module xil_defaultlib.glbl
Built simulation snapshot tb_metrics_864_behav
run_program: Time (s): cpu = 00:00:01 ; elapsed = 00:00:13 . Memory (MB): peak = 1151.586 ; gain = 0.000
INFO: [USF-XSim-69] 'elaborate' step finished in '13' seconds
INFO: [USF-XSim-4] XSim::Simulate design
INFO: [USF-XSim-61] Executing 'SIMULATE' step in 'C:/Users/hrush/Desktop/ASIC_BACKUP/project_1/project_1.sim/sim_1/behav/xsim'
INFO: [USF-XSim-98] *** Running xsim
   with args "tb_metrics_864_behav -key {Behavioral:sim_1:Functional:tb_metrics_864} -tclbatch {tb_metrics_864.tcl} -log {simulate.log}"
INFO: [USF-XSim-8] Loading simulator feature
Time resolution is 1 ps
source tb_metrics_864.tcl
# set curr_wave [current_wave_config]
# if { [string length $curr_wave] == 0 } {
#   if { [llength [get_objects]] > 0} {
#     add_wave /
#     set_property needs_save false [current_wave_config]
#   } else {
#      send_msg_id Add_Wave-1 WARNING "No top level signals found. Simulator will start without a wave window. If you want to open a wave window go to 'File->New Waveform Configuration' or type 'create_wave_config' in the TCL console."
#   }
# }
# run 1000ns

================================================================
  CNN INFERENCE ENGINE - 864 PE CONFIGURATION
  M=9  N=96  NPE=864  fclk=100 MHz
  Same architecture, parameters scaled to match paper
================================================================

  [MARKER] done_interrupt  t=715000 ps
================================================================
  RESULTS - 864 PE
================================================================
  Detected class          : 0
  Inference correct       :  NO [FAIL]
  ----------------------------------------------------------------
  --- Latency ---
  Total latency           : 660 ns  /  66 cycles
  Active COMPUTE cycles   : 53 / 66
  ----------------------------------------------------------------
  --- TOPS (2 x NPE x fclk x Omega x sigma) ---
  NPE  (M=9 x N=96)      : 864
  fclk                    : 100 MHz
  Omega (PE efficiency)   : 1.00
  sigma (time efficiency) : 0.8030  (80.3%)
  Theta_T @ 100MHz 864PE  : 0.138764 TOPS
  Frame rate              : 1515151.52 fps
  ----------------------------------------------------------------
  --- Scaled to paper ASIC (3.85 GHz) ---
  Theta_T @ 3.85GHz 864PE : 6.6528 TOPS  (paper: 6.65 TOPS)
  ----------------------------------------------------------------
  --- Comparison: 54 PE vs 864 PE @ same clock ---
  54  PE @ 100MHz sigma=0.803: 0.008672 TOPS
  864 PE @ 100MHz sigma=0.803: 0.138764 TOPS  (16.0x improvement)
================================================================

$finish called at time : 826 ns : File "C:/Users/hrush/Desktop/ASIC_BACKUP/project_1/project_1.srcs/sim_1/new/tb_metric.sv" Line 184
INFO: [USF-XSim-96] XSim completed. Design snapshot 'tb_metrics_864_behav' loaded.
INFO: [USF-XSim-97] XSim simulation ran for 1000ns
launch_simulation: Time (s): cpu = 00:00:07 ; elapsed = 00:00:20 . Memory (MB): peak = 1188.203 ; gain = 36.617
close_sim
INFO: [Simtcl 6-16] Simulation closed
launch_simulation
Command: launch_simulation 
INFO: [Vivado 12-12493] Simulation top is 'tb_metrics_864'
WARNING: [Vivado 12-13340] Unable to auto find GCC executables from simulator install path! (path not set)
WARNING: [Vivado 12-13277] Compiled library path does not exist: ''
INFO: [Vivado 12-5682] Launching behavioral simulation in 'C:/Users/hrush/Desktop/ASIC_BACKUP/project_1/project_1.sim/sim_1/behav/xsim'
INFO: [SIM-utils-51] Simulation object is 'sim_1'
INFO: [SIM-utils-72] Using boost library from 'C:/Xilinx/Vivado/2022.2/tps/boost_1_72_0'
INFO: [SIM-utils-54] Inspecting design source files for 'tb_metrics_864' in fileset 'sim_1'...
INFO: [USF-XSim-97] Finding global include files...
INFO: [USF-XSim-98] Fetching design files from 'sim_1'...
INFO: [USF-XSim-2] XSim::Compile design
INFO: [USF-XSim-61] Executing 'COMPILE and ANALYZE' step in 'C:/Users/hrush/Desktop/ASIC_BACKUP/project_1/project_1.sim/sim_1/behav/xsim'
"xvlog --incr --relax -L uvm -prj tb_metrics_864_vlog.prj"
INFO: [VRFC 10-2263] Analyzing SystemVerilog file "C:/Users/hrush/Desktop/ASIC_BACKUP/project_1/project_1.srcs/sources_1/new/IEC.sv" into library xil_defaultlib
INFO: [VRFC 10-311] analyzing module IEC
INFO: [VRFC 10-2263] Analyzing SystemVerilog file "C:/Users/hrush/Desktop/ASIC_BACKUP/project_1/project_1.srcs/sources_1/new/CNN_inference_engine.sv" into library xil_defaultlib
INFO: [VRFC 10-311] analyzing module CNN_Inference_Engine
INFO: [VRFC 10-2263] Analyzing SystemVerilog file "C:/Users/hrush/Desktop/ASIC_BACKUP/project_1/project_1.srcs/sources_1/new/CU.sv" into library xil_defaultlib
INFO: [VRFC 10-311] analyzing module CNG
INFO: [VRFC 10-311] analyzing module ACSU
INFO: [VRFC 10-311] analyzing module CUC
INFO: [VRFC 10-311] analyzing module DSR
INFO: [VRFC 10-311] analyzing module CU
INFO: [VRFC 10-2263] Analyzing SystemVerilog file "C:/Users/hrush/Desktop/ASIC_BACKUP/project_1/project_1.srcs/sources_1/new/kpu.sv" into library xil_defaultlib
INFO: [VRFC 10-311] analyzing module KPC
INFO: [VRFC 10-311] analyzing module Line_Memory
INFO: [VRFC 10-311] analyzing module PE_core
INFO: [VRFC 10-311] analyzing module KPU_cluster
INFO: [VRFC 10-2263] Analyzing SystemVerilog file "C:/Users/hrush/Desktop/ASIC_BACKUP/project_1/project_1.srcs/sim_1/new/tb_metric.sv" into library xil_defaultlib
INFO: [VRFC 10-311] analyzing module tb_metrics_864
INFO: [USF-XSim-69] 'compile' step finished in '2' seconds
INFO: [USF-XSim-3] XSim::Elaborate design
INFO: [USF-XSim-61] Executing 'ELABORATE' step in 'C:/Users/hrush/Desktop/ASIC_BACKUP/project_1/project_1.sim/sim_1/behav/xsim'
"xelab --incr --debug typical --relax --mt 2 -L xil_defaultlib -L uvm -L unisims_ver -L unimacro_ver -L secureip --snapshot tb_metrics_864_behav xil_defaultlib.tb_metrics_864 xil_defaultlib.glbl -log elaborate.log"
Vivado Simulator v2022.2
Copyright 1986-1999, 2001-2022 Xilinx, Inc. All Rights Reserved.
Running: C:/Xilinx/Vivado/2022.2/bin/unwrapped/win64.o/xelab.exe --incr --debug typical --relax --mt 2 -L xil_defaultlib -L uvm -L unisims_ver -L unimacro_ver -L secureip --snapshot tb_metrics_864_behav xil_defaultlib.tb_metrics_864 xil_defaultlib.glbl -log elaborate.log 
Using 2 slave threads.
Starting static elaboration
Pass Through NonSizing Optimizer
Completed static elaboration
Starting simulation data flow analysis
Completed simulation data flow analysis
Time Resolution for simulation is 1ps
Compiling package xil_defaultlib.pkg_IEC
Compiling package xil_defaultlib.pkg_KPU
Compiling package xil_defaultlib.pkg_CU
Compiling module xil_defaultlib.IEC
Compiling module xil_defaultlib.KPC
Compiling module xil_defaultlib.Line_Memory
Compiling module xil_defaultlib.PE_core
Compiling module xil_defaultlib.KPU_cluster_default
Compiling module xil_defaultlib.DSR
Compiling module xil_defaultlib.CUC
Compiling module xil_defaultlib.CNG
Compiling module xil_defaultlib.ACSU
Compiling module xil_defaultlib.CU
Compiling module xil_defaultlib.CNN_Inference_Engine
Compiling module xil_defaultlib.tb_metrics_864
Compiling module xil_defaultlib.glbl
Built simulation snapshot tb_metrics_864_behav
INFO: [USF-XSim-69] 'elaborate' step finished in '5' seconds
INFO: [USF-XSim-4] XSim::Simulate design
INFO: [USF-XSim-61] Executing 'SIMULATE' step in 'C:/Users/hrush/Desktop/ASIC_BACKUP/project_1/project_1.sim/sim_1/behav/xsim'
INFO: [USF-XSim-98] *** Running xsim
   with args "tb_metrics_864_behav -key {Behavioral:sim_1:Functional:tb_metrics_864} -tclbatch {tb_metrics_864.tcl} -log {simulate.log}"
INFO: [USF-XSim-8] Loading simulator feature
Time resolution is 1 ps
source tb_metrics_864.tcl
# set curr_wave [current_wave_config]
# if { [string length $curr_wave] == 0 } {
#   if { [llength [get_objects]] > 0} {
#     add_wave /
#     set_property needs_save false [current_wave_config]
#   } else {
#      send_msg_id Add_Wave-1 WARNING "No top level signals found. Simulator will start without a wave window. If you want to open a wave window go to 'File->New Waveform Configuration' or type 'create_wave_config' in the TCL console."
#   }
# }
# run 1000ns

================================================================
  CNN INFERENCE ENGINE - 864 PE CONFIGURATION
  M=9  N=6  NPE=54  fclk=100 MHz
  Same architecture, parameters scaled to match paper
================================================================

  [MARKER] done_interrupt  t=715000 ps
================================================================
  RESULTS - 864 PE
================================================================
  Detected class          : 4
  Inference correct       : YES [PASS]
  ----------------------------------------------------------------
  --- Latency ---
  Total latency           : 660 ns  /  66 cycles
  Active COMPUTE cycles   : 53 / 66
  ----------------------------------------------------------------
  --- TOPS (2 x NPE x fclk x Omega x sigma) ---
  NPE  (M=9 x N=6)      : 54
  fclk                    : 100 MHz
  Omega (PE efficiency)   : 1.00
  sigma (time efficiency) : 0.8030  (80.3%)
  Theta_T @ 100MHz 864PE  : 0.008673 TOPS
  Frame rate              : 1515151.52 fps
  ----------------------------------------------------------------
  --- Scaled to paper ASIC (3.85 GHz) ---
  Theta_T @ 3.85GHz 864PE : 0.4158 TOPS  (paper: 6.65 TOPS)
  ----------------------------------------------------------------
  --- Comparison: 54 PE vs 864 PE @ same clock ---
  54  PE @ 100MHz sigma=0.803: 0.008672 TOPS
  864 PE @ 100MHz sigma=0.803: 0.008673 TOPS  (1.0x improvement)
================================================================

$finish called at time : 826 ns : File "C:/Users/hrush/Desktop/ASIC_BACKUP/project_1/project_1.srcs/sim_1/new/tb_metric.sv" Line 184
INFO: [USF-XSim-96] XSim completed. Design snapshot 'tb_metrics_864_behav' loaded.
INFO: [USF-XSim-97] XSim simulation ran for 1000ns
launch_simulation: Time (s): cpu = 00:00:05 ; elapsed = 00:00:10 . Memory (MB): peak = 1188.203 ; gain = 0.000
close_sim
INFO: [Simtcl 6-16] Simulation closed
launch_simulation
Command: launch_simulation 
INFO: [Vivado 12-12493] Simulation top is 'tb_metrics_864'
WARNING: [Vivado 12-13340] Unable to auto find GCC executables from simulator install path! (path not set)
WARNING: [Vivado 12-13277] Compiled library path does not exist: ''
INFO: [Vivado 12-5682] Launching behavioral simulation in 'C:/Users/hrush/Desktop/ASIC_BACKUP/project_1/project_1.sim/sim_1/behav/xsim'
INFO: [SIM-utils-51] Simulation object is 'sim_1'
INFO: [SIM-utils-72] Using boost library from 'C:/Xilinx/Vivado/2022.2/tps/boost_1_72_0'
INFO: [SIM-utils-54] Inspecting design source files for 'tb_metrics_864' in fileset 'sim_1'...
INFO: [USF-XSim-97] Finding global include files...
INFO: [USF-XSim-98] Fetching design files from 'sim_1'...
INFO: [USF-XSim-2] XSim::Compile design
INFO: [USF-XSim-61] Executing 'COMPILE and ANALYZE' step in 'C:/Users/hrush/Desktop/ASIC_BACKUP/project_1/project_1.sim/sim_1/behav/xsim'
"xvlog --incr --relax -L uvm -prj tb_metrics_864_vlog.prj"
INFO: [VRFC 10-2263] Analyzing SystemVerilog file "C:/Users/hrush/Desktop/ASIC_BACKUP/project_1/project_1.srcs/sources_1/new/IEC.sv" into library xil_defaultlib
INFO: [VRFC 10-311] analyzing module IEC
INFO: [VRFC 10-2263] Analyzing SystemVerilog file "C:/Users/hrush/Desktop/ASIC_BACKUP/project_1/project_1.srcs/sources_1/new/CNN_inference_engine.sv" into library xil_defaultlib
INFO: [VRFC 10-311] analyzing module CNN_Inference_Engine
INFO: [VRFC 10-2263] Analyzing SystemVerilog file "C:/Users/hrush/Desktop/ASIC_BACKUP/project_1/project_1.srcs/sources_1/new/CU.sv" into library xil_defaultlib
INFO: [VRFC 10-311] analyzing module CNG
INFO: [VRFC 10-311] analyzing module ACSU
INFO: [VRFC 10-311] analyzing module CUC
INFO: [VRFC 10-311] analyzing module DSR
INFO: [VRFC 10-311] analyzing module CU
INFO: [VRFC 10-2263] Analyzing SystemVerilog file "C:/Users/hrush/Desktop/ASIC_BACKUP/project_1/project_1.srcs/sources_1/new/kpu.sv" into library xil_defaultlib
INFO: [VRFC 10-311] analyzing module KPC
INFO: [VRFC 10-311] analyzing module Line_Memory
INFO: [VRFC 10-311] analyzing module PE_core
INFO: [VRFC 10-311] analyzing module KPU_cluster
INFO: [VRFC 10-2263] Analyzing SystemVerilog file "C:/Users/hrush/Desktop/ASIC_BACKUP/project_1/project_1.srcs/sim_1/new/tb_metric.sv" into library xil_defaultlib
INFO: [VRFC 10-311] analyzing module tb_metrics_864
INFO: [USF-XSim-69] 'compile' step finished in '3' seconds
INFO: [USF-XSim-3] XSim::Elaborate design
INFO: [USF-XSim-61] Executing 'ELABORATE' step in 'C:/Users/hrush/Desktop/ASIC_BACKUP/project_1/project_1.sim/sim_1/behav/xsim'
"xelab --incr --debug typical --relax --mt 2 -L xil_defaultlib -L uvm -L unisims_ver -L unimacro_ver -L secureip --snapshot tb_metrics_864_behav xil_defaultlib.tb_metrics_864 xil_defaultlib.glbl -log elaborate.log"
Vivado Simulator v2022.2
Copyright 1986-1999, 2001-2022 Xilinx, Inc. All Rights Reserved.
Running: C:/Xilinx/Vivado/2022.2/bin/unwrapped/win64.o/xelab.exe --incr --debug typical --relax --mt 2 -L xil_defaultlib -L uvm -L unisims_ver -L unimacro_ver -L secureip --snapshot tb_metrics_864_behav xil_defaultlib.tb_metrics_864 xil_defaultlib.glbl -log elaborate.log 
Using 2 slave threads.
Starting static elaboration
Pass Through NonSizing Optimizer
Completed static elaboration
Starting simulation data flow analysis
Completed simulation data flow analysis
Time Resolution for simulation is 1ps
Compiling package xil_defaultlib.pkg_IEC
Compiling package xil_defaultlib.pkg_KPU
Compiling package xil_defaultlib.pkg_CU
Compiling module xil_defaultlib.IEC
Compiling module xil_defaultlib.KPC
Compiling module xil_defaultlib.Line_Memory
Compiling module xil_defaultlib.PE_core
Compiling module xil_defaultlib.KPU_cluster_default
Compiling module xil_defaultlib.DSR
Compiling module xil_defaultlib.CUC
Compiling module xil_defaultlib.CNG
Compiling module xil_defaultlib.ACSU
Compiling module xil_defaultlib.CU
Compiling module xil_defaultlib.CNN_Inference_Engine
Compiling module xil_defaultlib.tb_metrics_864
Compiling module xil_defaultlib.glbl
Built simulation snapshot tb_metrics_864_behav
run_program: Time (s): cpu = 00:00:01 ; elapsed = 00:00:14 . Memory (MB): peak = 1188.203 ; gain = 0.000
INFO: [USF-XSim-69] 'elaborate' step finished in '14' seconds
INFO: [USF-XSim-4] XSim::Simulate design
INFO: [USF-XSim-61] Executing 'SIMULATE' step in 'C:/Users/hrush/Desktop/ASIC_BACKUP/project_1/project_1.sim/sim_1/behav/xsim'
INFO: [USF-XSim-98] *** Running xsim
   with args "tb_metrics_864_behav -key {Behavioral:sim_1:Functional:tb_metrics_864} -tclbatch {tb_metrics_864.tcl} -log {simulate.log}"
INFO: [USF-XSim-8] Loading simulator feature
Time resolution is 1 ps
source tb_metrics_864.tcl
# set curr_wave [current_wave_config]
# if { [string length $curr_wave] == 0 } {
#   if { [llength [get_objects]] > 0} {
#     add_wave /
#     set_property needs_save false [current_wave_config]
#   } else {
#      send_msg_id Add_Wave-1 WARNING "No top level signals found. Simulator will start without a wave window. If you want to open a wave window go to 'File->New Waveform Configuration' or type 'create_wave_config' in the TCL console."
#   }
# }
# run 1000ns

================================================================
  CNN INFERENCE ENGINE - 864 PE CONFIGURATION
  M=9  N=96  NPE=864  fclk=100 MHz
  Same architecture, parameters scaled to match paper
================================================================

  [MARKER] done_interrupt  t=715000 ps
================================================================
  RESULTS - 864 PE
================================================================
  Detected class          : 0
  Inference correct       :  NO [FAIL]
  ----------------------------------------------------------------
  --- Latency ---
  Total latency           : 660 ns  /  66 cycles
  Active COMPUTE cycles   : 53 / 66
  ----------------------------------------------------------------
  --- TOPS (2 x NPE x fclk x Omega x sigma) ---
  NPE  (M=9 x N=96)      : 864
  fclk                    : 100 MHz
  Omega (PE efficiency)   : 1.00
  sigma (time efficiency) : 0.8030  (80.3%)
  Theta_T @ 100MHz 864PE  : 0.138764 TOPS
  Frame rate              : 1515151.52 fps
  ----------------------------------------------------------------
  --- Scaled to paper ASIC (3.85 GHz) ---
  Theta_T @ 3.85GHz 864PE : 6.6528 TOPS  (paper: 6.65 TOPS)
  ----------------------------------------------------------------
  --- Comparison: 54 PE vs 864 PE @ same clock ---
  54  PE @ 100MHz sigma=0.803: 0.008672 TOPS
  864 PE @ 100MHz sigma=0.803: 0.138764 TOPS  (16.0x improvement)
================================================================

$finish called at time : 826 ns : File "C:/Users/hrush/Desktop/ASIC_BACKUP/project_1/project_1.srcs/sim_1/new/tb_metric.sv" Line 184
INFO: [USF-XSim-96] XSim completed. Design snapshot 'tb_metrics_864_behav' loaded.
INFO: [USF-XSim-97] XSim simulation ran for 1000ns
launch_simulation: Time (s): cpu = 00:00:03 ; elapsed = 00:00:19 . Memory (MB): peak = 1191.242 ; gain = 3.039
close_sim
INFO: [Simtcl 6-16] Simulation closed
launch_simulation
Command: launch_simulation 
INFO: [Vivado 12-12493] Simulation top is 'tb_metrics_864'
WARNING: [Vivado 12-13340] Unable to auto find GCC executables from simulator install path! (path not set)
WARNING: [Vivado 12-13277] Compiled library path does not exist: ''
INFO: [Vivado 12-5682] Launching behavioral simulation in 'C:/Users/hrush/Desktop/ASIC_BACKUP/project_1/project_1.sim/sim_1/behav/xsim'
INFO: [SIM-utils-51] Simulation object is 'sim_1'
INFO: [SIM-utils-72] Using boost library from 'C:/Xilinx/Vivado/2022.2/tps/boost_1_72_0'
INFO: [SIM-utils-54] Inspecting design source files for 'tb_metrics_864' in fileset 'sim_1'...
INFO: [USF-XSim-97] Finding global include files...
INFO: [USF-XSim-98] Fetching design files from 'sim_1'...
INFO: [USF-XSim-2] XSim::Compile design
INFO: [USF-XSim-61] Executing 'COMPILE and ANALYZE' step in 'C:/Users/hrush/Desktop/ASIC_BACKUP/project_1/project_1.sim/sim_1/behav/xsim'
"xvlog --incr --relax -L uvm -prj tb_metrics_864_vlog.prj"
INFO: [VRFC 10-2263] Analyzing SystemVerilog file "C:/Users/hrush/Desktop/ASIC_BACKUP/project_1/project_1.srcs/sources_1/new/IEC.sv" into library xil_defaultlib
INFO: [VRFC 10-311] analyzing module IEC
INFO: [VRFC 10-2263] Analyzing SystemVerilog file "C:/Users/hrush/Desktop/ASIC_BACKUP/project_1/project_1.srcs/sources_1/new/CNN_inference_engine.sv" into library xil_defaultlib
INFO: [VRFC 10-311] analyzing module CNN_Inference_Engine
INFO: [VRFC 10-2263] Analyzing SystemVerilog file "C:/Users/hrush/Desktop/ASIC_BACKUP/project_1/project_1.srcs/sources_1/new/CU.sv" into library xil_defaultlib
INFO: [VRFC 10-311] analyzing module CNG
INFO: [VRFC 10-311] analyzing module ACSU
INFO: [VRFC 10-311] analyzing module CUC
INFO: [VRFC 10-311] analyzing module DSR
INFO: [VRFC 10-311] analyzing module CU
INFO: [VRFC 10-2263] Analyzing SystemVerilog file "C:/Users/hrush/Desktop/ASIC_BACKUP/project_1/project_1.srcs/sources_1/new/kpu.sv" into library xil_defaultlib
INFO: [VRFC 10-311] analyzing module KPC
INFO: [VRFC 10-311] analyzing module Line_Memory
INFO: [VRFC 10-311] analyzing module PE_core
INFO: [VRFC 10-311] analyzing module KPU_cluster
INFO: [VRFC 10-2263] Analyzing SystemVerilog file "C:/Users/hrush/Desktop/ASIC_BACKUP/project_1/project_1.srcs/sim_1/new/tb_metric.sv" into library xil_defaultlib
INFO: [VRFC 10-311] analyzing module tb_metrics_864
INFO: [USF-XSim-69] 'compile' step finished in '2' seconds
INFO: [USF-XSim-3] XSim::Elaborate design
INFO: [USF-XSim-61] Executing 'ELABORATE' step in 'C:/Users/hrush/Desktop/ASIC_BACKUP/project_1/project_1.sim/sim_1/behav/xsim'
"xelab --incr --debug typical --relax --mt 2 -L xil_defaultlib -L uvm -L unisims_ver -L unimacro_ver -L secureip --snapshot tb_metrics_864_behav xil_defaultlib.tb_metrics_864 xil_defaultlib.glbl -log elaborate.log"
Vivado Simulator v2022.2
Copyright 1986-1999, 2001-2022 Xilinx, Inc. All Rights Reserved.
Running: C:/Xilinx/Vivado/2022.2/bin/unwrapped/win64.o/xelab.exe --incr --debug typical --relax --mt 2 -L xil_defaultlib -L uvm -L unisims_ver -L unimacro_ver -L secureip --snapshot tb_metrics_864_behav xil_defaultlib.tb_metrics_864 xil_defaultlib.glbl -log elaborate.log 
Using 2 slave threads.
Starting static elaboration
Pass Through NonSizing Optimizer
Completed static elaboration
Starting simulation data flow analysis
Completed simulation data flow analysis
Time Resolution for simulation is 1ps
Compiling package xil_defaultlib.pkg_IEC
Compiling package xil_defaultlib.pkg_KPU
Compiling package xil_defaultlib.pkg_CU
Compiling module xil_defaultlib.IEC
Compiling module xil_defaultlib.KPC
Compiling module xil_defaultlib.Line_Memory
Compiling module xil_defaultlib.PE_core
Compiling module xil_defaultlib.KPU_cluster_default
Compiling module xil_defaultlib.DSR
Compiling module xil_defaultlib.CUC
Compiling module xil_defaultlib.CNG
Compiling module xil_defaultlib.ACSU
Compiling module xil_defaultlib.CU
Compiling module xil_defaultlib.CNN_Inference_Engine
Compiling module xil_defaultlib.tb_metrics_864
Compiling module xil_defaultlib.glbl
Built simulation snapshot tb_metrics_864_behav
run_program: Time (s): cpu = 00:00:01 ; elapsed = 00:00:17 . Memory (MB): peak = 1191.242 ; gain = 0.000
INFO: [USF-XSim-69] 'elaborate' step finished in '17' seconds
INFO: [USF-XSim-4] XSim::Simulate design
INFO: [USF-XSim-61] Executing 'SIMULATE' step in 'C:/Users/hrush/Desktop/ASIC_BACKUP/project_1/project_1.sim/sim_1/behav/xsim'
INFO: [USF-XSim-98] *** Running xsim
   with args "tb_metrics_864_behav -key {Behavioral:sim_1:Functional:tb_metrics_864} -tclbatch {tb_metrics_864.tcl} -log {simulate.log}"
INFO: [USF-XSim-8] Loading simulator feature
Time resolution is 1 ps
source tb_metrics_864.tcl
# set curr_wave [current_wave_config]
# if { [string length $curr_wave] == 0 } {
#   if { [llength [get_objects]] > 0} {
#     add_wave /
#     set_property needs_save false [current_wave_config]
#   } else {
#      send_msg_id Add_Wave-1 WARNING "No top level signals found. Simulator will start without a wave window. If you want to open a wave window go to 'File->New Waveform Configuration' or type 'create_wave_config' in the TCL console."
#   }
# }
# run 1000ns

================================================================
  CNN INFERENCE ENGINE - 864 PE CONFIGURATION
  M=9  N=96  NPE=864  fclk=100 MHz
  Same architecture, parameters scaled to match paper
================================================================

  [MARKER] done_interrupt  t=715000 ps
================================================================
  RESULTS - 864 PE
================================================================
  Detected class          : 0
  Inference correct       :  NO [FAIL]
  ----------------------------------------------------------------
  --- Latency ---
  Total latency           : 660 ns  /  66 cycles
  Active COMPUTE cycles   : 53 / 66
  ----------------------------------------------------------------
  --- TOPS (2 x NPE x fclk x Omega x sigma) ---
  NPE  (M=9 x N=96)      : 864
  fclk                    : 100 MHz
  Omega (PE efficiency)   : 1.00
  sigma (time efficiency) : 0.8030  (80.3%)
  Theta_T @ 100MHz 864PE  : 0.138764 TOPS
  Frame rate              : 1515151.52 fps
  ----------------------------------------------------------------
  --- Scaled to paper ASIC (3.85 GHz) ---
  Theta_T @ 3.85GHz 864PE : 6.6528 TOPS  (paper: 6.65 TOPS)
  ----------------------------------------------------------------
  --- Comparison: 54 PE vs 864 PE @ same clock ---
  54  PE @ 100MHz sigma=0.803: 0.008672 TOPS
  864 PE @ 100MHz sigma=0.803: 0.138764 TOPS  (16.0x improvement)
================================================================

$finish called at time : 826 ns : File "C:/Users/hrush/Desktop/ASIC_BACKUP/project_1/project_1.srcs/sim_1/new/tb_metric.sv" Line 184
INFO: [USF-XSim-96] XSim completed. Design snapshot 'tb_metrics_864_behav' loaded.
INFO: [USF-XSim-97] XSim simulation ran for 1000ns
launch_simulation: Time (s): cpu = 00:00:03 ; elapsed = 00:00:24 . Memory (MB): peak = 1192.590 ; gain = 1.348
ERROR: [Vivado 12-106] *** Exception: java.lang.IllegalStateException: cannot open system clipboard (See C:/Users/hrush/Desktop/ASIC_BACKUP/project_1/vivado_pid31676.debug)
close_sim
INFO: [Simtcl 6-16] Simulation closed
launch_simulation
Command: launch_simulation 
INFO: [Vivado 12-12493] Simulation top is 'tb_metrics_864'
WARNING: [Vivado 12-13340] Unable to auto find GCC executables from simulator install path! (path not set)
WARNING: [Vivado 12-13277] Compiled library path does not exist: ''
INFO: [Vivado 12-5682] Launching behavioral simulation in 'C:/Users/hrush/Desktop/ASIC_BACKUP/project_1/project_1.sim/sim_1/behav/xsim'
INFO: [SIM-utils-51] Simulation object is 'sim_1'
INFO: [SIM-utils-72] Using boost library from 'C:/Xilinx/Vivado/2022.2/tps/boost_1_72_0'
INFO: [SIM-utils-54] Inspecting design source files for 'tb_metrics_864' in fileset 'sim_1'...
INFO: [USF-XSim-97] Finding global include files...
INFO: [USF-XSim-98] Fetching design files from 'sim_1'...
INFO: [USF-XSim-2] XSim::Compile design
INFO: [USF-XSim-61] Executing 'COMPILE and ANALYZE' step in 'C:/Users/hrush/Desktop/ASIC_BACKUP/project_1/project_1.sim/sim_1/behav/xsim'
"xvlog --incr --relax -L uvm -prj tb_metrics_864_vlog.prj"
INFO: [VRFC 10-2263] Analyzing SystemVerilog file "C:/Users/hrush/Desktop/ASIC_BACKUP/project_1/project_1.srcs/sources_1/new/IEC.sv" into library xil_defaultlib
INFO: [VRFC 10-311] analyzing module IEC
INFO: [VRFC 10-2263] Analyzing SystemVerilog file "C:/Users/hrush/Desktop/ASIC_BACKUP/project_1/project_1.srcs/sources_1/new/CNN_inference_engine.sv" into library xil_defaultlib
INFO: [VRFC 10-311] analyzing module CNN_Inference_Engine
INFO: [VRFC 10-2263] Analyzing SystemVerilog file "C:/Users/hrush/Desktop/ASIC_BACKUP/project_1/project_1.srcs/sources_1/new/CU.sv" into library xil_defaultlib
INFO: [VRFC 10-311] analyzing module CNG
INFO: [VRFC 10-311] analyzing module ACSU
INFO: [VRFC 10-311] analyzing module CUC
INFO: [VRFC 10-311] analyzing module DSR
INFO: [VRFC 10-311] analyzing module CU
INFO: [VRFC 10-2263] Analyzing SystemVerilog file "C:/Users/hrush/Desktop/ASIC_BACKUP/project_1/project_1.srcs/sources_1/new/kpu.sv" into library xil_defaultlib
INFO: [VRFC 10-311] analyzing module KPC
INFO: [VRFC 10-311] analyzing module Line_Memory
INFO: [VRFC 10-311] analyzing module PE_core
INFO: [VRFC 10-311] analyzing module KPU_cluster
INFO: [VRFC 10-2263] Analyzing SystemVerilog file "C:/Users/hrush/Desktop/ASIC_BACKUP/project_1/project_1.srcs/sim_1/new/tb_metric.sv" into library xil_defaultlib
INFO: [VRFC 10-311] analyzing module tb_metrics_864
WARNING: [VRFC 10-9205] no clock is inferred because delay controls were found [C:/Users/hrush/Desktop/ASIC_BACKUP/project_1/project_1.srcs/sim_1/new/tb_metric.sv:109]
INFO: [USF-XSim-69] 'compile' step finished in '3' seconds
INFO: [USF-XSim-3] XSim::Elaborate design
INFO: [USF-XSim-61] Executing 'ELABORATE' step in 'C:/Users/hrush/Desktop/ASIC_BACKUP/project_1/project_1.sim/sim_1/behav/xsim'
"xelab --incr --debug typical --relax --mt 2 -L xil_defaultlib -L uvm -L unisims_ver -L unimacro_ver -L secureip --snapshot tb_metrics_864_behav xil_defaultlib.tb_metrics_864 xil_defaultlib.glbl -log elaborate.log"
Vivado Simulator v2022.2
Copyright 1986-1999, 2001-2022 Xilinx, Inc. All Rights Reserved.
Running: C:/Xilinx/Vivado/2022.2/bin/unwrapped/win64.o/xelab.exe --incr --debug typical --relax --mt 2 -L xil_defaultlib -L uvm -L unisims_ver -L unimacro_ver -L secureip --snapshot tb_metrics_864_behav xil_defaultlib.tb_metrics_864 xil_defaultlib.glbl -log elaborate.log 
Using 2 slave threads.
Starting static elaboration
Pass Through NonSizing Optimizer
Completed static elaboration
Starting simulation data flow analysis
Completed simulation data flow analysis
Time Resolution for simulation is 1ps
Compiling package xil_defaultlib.pkg_IEC
Compiling package xil_defaultlib.pkg_KPU
Compiling package xil_defaultlib.pkg_CU
Compiling module xil_defaultlib.IEC
Compiling module xil_defaultlib.KPC
Compiling module xil_defaultlib.Line_Memory
Compiling module xil_defaultlib.PE_core
Compiling module xil_defaultlib.KPU_cluster_default
Compiling module xil_defaultlib.DSR
Compiling module xil_defaultlib.CUC
Compiling module xil_defaultlib.CNG
Compiling module xil_defaultlib.ACSU
Compiling module xil_defaultlib.CU
Compiling module xil_defaultlib.CNN_Inference_Engine
Compiling module xil_defaultlib.tb_metrics_864
Compiling module xil_defaultlib.glbl
Built simulation snapshot tb_metrics_864_behav
run_program: Time (s): cpu = 00:00:00 ; elapsed = 00:00:16 . Memory (MB): peak = 1192.590 ; gain = 0.000
INFO: [USF-XSim-69] 'elaborate' step finished in '16' seconds
INFO: [USF-XSim-4] XSim::Simulate design
INFO: [USF-XSim-61] Executing 'SIMULATE' step in 'C:/Users/hrush/Desktop/ASIC_BACKUP/project_1/project_1.sim/sim_1/behav/xsim'
INFO: [USF-XSim-98] *** Running xsim
   with args "tb_metrics_864_behav -key {Behavioral:sim_1:Functional:tb_metrics_864} -tclbatch {tb_metrics_864.tcl} -log {simulate.log}"
INFO: [USF-XSim-8] Loading simulator feature
Time resolution is 1 ps
source tb_metrics_864.tcl
# set curr_wave [current_wave_config]
# if { [string length $curr_wave] == 0 } {
#   if { [llength [get_objects]] > 0} {
#     add_wave /
#     set_property needs_save false [current_wave_config]
#   } else {
#      send_msg_id Add_Wave-1 WARNING "No top level signals found. Simulator will start without a wave window. If you want to open a wave window go to 'File->New Waveform Configuration' or type 'create_wave_config' in the TCL console."
#   }
# }
# run 1000ns

================================================================
  864 PE - DEBUG RUN
  NPE=864  N_classes=5  nl=16(Conv)+5(FC)
================================================================

  [DBG CLASSIFY] t=636000  classify_cnt=0  r_N_classes=5  cu_valid=1  cu_AC_in=x  ACMax=0  CN_DC_r=0  class_done=0
  [DBG] Entered CLASSIFY: psum_reg=x  r_N_classes=5  classify_cnt=0
  [DBG CLASSIFY] t=646000  classify_cnt=1  r_N_classes=5  cu_valid=1  cu_AC_in=x  ACMax=0  CN_DC_r=0  class_done=0
  [DBG CLASSIFY] t=656000  classify_cnt=2  r_N_classes=5  cu_valid=1  cu_AC_in=x  ACMax=0  CN_DC_r=0  class_done=0
  [DBG CLASSIFY] t=666000  classify_cnt=3  r_N_classes=5  cu_valid=1  cu_AC_in=x  ACMax=0  CN_DC_r=0  class_done=0
  [DBG CLASSIFY] t=676000  classify_cnt=4  r_N_classes=5  cu_valid=1  cu_AC_in=x  ACMax=0  CN_DC_r=0  class_done=0
  [DBG CLASSIFY] t=686000  classify_cnt=5  r_N_classes=5  cu_valid=0  cu_AC_in=x  ACMax=0  CN_DC_r=0  class_done=0
  [DBG CLASSIFY] t=696000  classify_cnt=5  r_N_classes=5  cu_valid=0  cu_AC_in=x  ACMax=0  CN_DC_r=0  class_done=1

================================================================
  RESULTS
================================================================
  Detected class          : 0
  Inference correct       :  NO [FAIL]
  Total latency           : 660 ns / 66 cycles
  Active COMPUTE cycles   : 53 / 66
  sigma                   : 0.8030 (80.3%)
  Theta_T @ 100MHz 864PE  : 0.138764 TOPS
  Theta_T @ 3.85GHz 864PE : 6.6528 TOPS  (paper: 6.65)
================================================================

$finish called at time : 826 ns : File "C:/Users/hrush/Desktop/ASIC_BACKUP/project_1/project_1.srcs/sim_1/new/tb_metric.sv" Line 165
INFO: [USF-XSim-96] XSim completed. Design snapshot 'tb_metrics_864_behav' loaded.
INFO: [USF-XSim-97] XSim simulation ran for 1000ns
launch_simulation: Time (s): cpu = 00:00:03 ; elapsed = 00:00:22 . Memory (MB): peak = 1206.004 ; gain = 13.414
close_sim
INFO: [Simtcl 6-16] Simulation closed
launch_simulation
Command: launch_simulation 
INFO: [Vivado 12-12493] Simulation top is 'tb_metrics_864'
WARNING: [Vivado 12-13340] Unable to auto find GCC executables from simulator install path! (path not set)
WARNING: [Vivado 12-13277] Compiled library path does not exist: ''
INFO: [Vivado 12-5682] Launching behavioral simulation in 'C:/Users/hrush/Desktop/ASIC_BACKUP/project_1/project_1.sim/sim_1/behav/xsim'
INFO: [SIM-utils-51] Simulation object is 'sim_1'
INFO: [SIM-utils-72] Using boost library from 'C:/Xilinx/Vivado/2022.2/tps/boost_1_72_0'
INFO: [SIM-utils-54] Inspecting design source files for 'tb_metrics_864' in fileset 'sim_1'...
INFO: [USF-XSim-97] Finding global include files...
INFO: [USF-XSim-98] Fetching design files from 'sim_1'...
INFO: [USF-XSim-2] XSim::Compile design
INFO: [USF-XSim-61] Executing 'COMPILE and ANALYZE' step in 'C:/Users/hrush/Desktop/ASIC_BACKUP/project_1/project_1.sim/sim_1/behav/xsim'
"xvlog --incr --relax -L uvm -prj tb_metrics_864_vlog.prj"
INFO: [VRFC 10-2263] Analyzing SystemVerilog file "C:/Users/hrush/Desktop/ASIC_BACKUP/project_1/project_1.srcs/sources_1/new/IEC.sv" into library xil_defaultlib
INFO: [VRFC 10-311] analyzing module IEC
ERROR: [VRFC 10-2989] 'Z_Bit_Width' is not declared [C:/Users/hrush/Desktop/ASIC_BACKUP/project_1/project_1.srcs/sources_1/new/IEC.sv:72]
ERROR: [VRFC 10-8530] module 'IEC' is ignored due to previous errors [C:/Users/hrush/Desktop/ASIC_BACKUP/project_1/project_1.srcs/sources_1/new/IEC.sv:19]
INFO: [USF-XSim-69] 'compile' step finished in '2' seconds
INFO: [USF-XSim-99] Step results log file:'C:/Users/hrush/Desktop/ASIC_BACKUP/project_1/project_1.sim/sim_1/behav/xsim/xvlog.log'
ERROR: [USF-XSim-62] 'compile' step failed with error(s). Please check the Tcl console output or 'C:/Users/hrush/Desktop/ASIC_BACKUP/project_1/project_1.sim/sim_1/behav/xsim/xvlog.log' file for more information.
ERROR: [Vivado 12-4473] Detected error while running simulation. Please correct the issue and retry this operation.
ERROR: [Common 17-39] 'launch_simulation' failed due to earlier errors.
launch_simulation
Command: launch_simulation 
INFO: [Vivado 12-12493] Simulation top is 'tb_metrics_864'
WARNING: [Vivado 12-13340] Unable to auto find GCC executables from simulator install path! (path not set)
WARNING: [Vivado 12-13277] Compiled library path does not exist: ''
INFO: [Vivado 12-5682] Launching behavioral simulation in 'C:/Users/hrush/Desktop/ASIC_BACKUP/project_1/project_1.sim/sim_1/behav/xsim'
INFO: [SIM-utils-51] Simulation object is 'sim_1'
INFO: [SIM-utils-72] Using boost library from 'C:/Xilinx/Vivado/2022.2/tps/boost_1_72_0'
INFO: [SIM-utils-54] Inspecting design source files for 'tb_metrics_864' in fileset 'sim_1'...
INFO: [USF-XSim-97] Finding global include files...
INFO: [USF-XSim-98] Fetching design files from 'sim_1'...
INFO: [USF-XSim-2] XSim::Compile design
INFO: [USF-XSim-61] Executing 'COMPILE and ANALYZE' step in 'C:/Users/hrush/Desktop/ASIC_BACKUP/project_1/project_1.sim/sim_1/behav/xsim'
"xvlog --incr --relax -L uvm -prj tb_metrics_864_vlog.prj"
INFO: [VRFC 10-2263] Analyzing SystemVerilog file "C:/Users/hrush/Desktop/ASIC_BACKUP/project_1/project_1.srcs/sources_1/new/IEC.sv" into library xil_defaultlib
INFO: [VRFC 10-311] analyzing module IEC
INFO: [VRFC 10-2263] Analyzing SystemVerilog file "C:/Users/hrush/Desktop/ASIC_BACKUP/project_1/project_1.srcs/sources_1/new/CNN_inference_engine.sv" into library xil_defaultlib
INFO: [VRFC 10-311] analyzing module CNN_Inference_Engine
INFO: [VRFC 10-2263] Analyzing SystemVerilog file "C:/Users/hrush/Desktop/ASIC_BACKUP/project_1/project_1.srcs/sources_1/new/CU.sv" into library xil_defaultlib
INFO: [VRFC 10-311] analyzing module CNG
INFO: [VRFC 10-311] analyzing module ACSU
INFO: [VRFC 10-311] analyzing module CUC
INFO: [VRFC 10-311] analyzing module DSR
INFO: [VRFC 10-311] analyzing module CU
INFO: [VRFC 10-2263] Analyzing SystemVerilog file "C:/Users/hrush/Desktop/ASIC_BACKUP/project_1/project_1.srcs/sources_1/new/kpu.sv" into library xil_defaultlib
INFO: [VRFC 10-311] analyzing module KPC
INFO: [VRFC 10-311] analyzing module Line_Memory
INFO: [VRFC 10-311] analyzing module PE_core
INFO: [VRFC 10-311] analyzing module KPU_cluster
INFO: [VRFC 10-2263] Analyzing SystemVerilog file "C:/Users/hrush/Desktop/ASIC_BACKUP/project_1/project_1.srcs/sim_1/new/tb_metric.sv" into library xil_defaultlib
INFO: [VRFC 10-311] analyzing module tb_metrics_864
WARNING: [VRFC 10-9205] no clock is inferred because delay controls were found [C:/Users/hrush/Desktop/ASIC_BACKUP/project_1/project_1.srcs/sim_1/new/tb_metric.sv:109]
INFO: [USF-XSim-69] 'compile' step finished in '2' seconds
INFO: [USF-XSim-3] XSim::Elaborate design
INFO: [USF-XSim-61] Executing 'ELABORATE' step in 'C:/Users/hrush/Desktop/ASIC_BACKUP/project_1/project_1.sim/sim_1/behav/xsim'
"xelab --incr --debug typical --relax --mt 2 -L xil_defaultlib -L uvm -L unisims_ver -L unimacro_ver -L secureip --snapshot tb_metrics_864_behav xil_defaultlib.tb_metrics_864 xil_defaultlib.glbl -log elaborate.log"
Vivado Simulator v2022.2
Copyright 1986-1999, 2001-2022 Xilinx, Inc. All Rights Reserved.
Running: C:/Xilinx/Vivado/2022.2/bin/unwrapped/win64.o/xelab.exe --incr --debug typical --relax --mt 2 -L xil_defaultlib -L uvm -L unisims_ver -L unimacro_ver -L secureip --snapshot tb_metrics_864_behav xil_defaultlib.tb_metrics_864 xil_defaultlib.glbl -log elaborate.log 
Using 2 slave threads.
Starting static elaboration
Pass Through NonSizing Optimizer
Completed static elaboration
Starting simulation data flow analysis
Completed simulation data flow analysis
Time Resolution for simulation is 1ps
Compiling package xil_defaultlib.pkg_IEC
Compiling package xil_defaultlib.pkg_KPU
Compiling package xil_defaultlib.pkg_CU
Compiling module xil_defaultlib.IEC_default
Compiling module xil_defaultlib.KPC
Compiling module xil_defaultlib.Line_Memory
Compiling module xil_defaultlib.PE_core
Compiling module xil_defaultlib.KPU_cluster_default
Compiling module xil_defaultlib.DSR
Compiling module xil_defaultlib.CUC
Compiling module xil_defaultlib.CNG
Compiling module xil_defaultlib.ACSU
Compiling module xil_defaultlib.CU
Compiling module xil_defaultlib.CNN_Inference_Engine
Compiling module xil_defaultlib.tb_metrics_864
Compiling module xil_defaultlib.glbl
Built simulation snapshot tb_metrics_864_behav
run_program: Time (s): cpu = 00:00:01 ; elapsed = 00:00:14 . Memory (MB): peak = 1208.363 ; gain = 0.000
INFO: [USF-XSim-69] 'elaborate' step finished in '14' seconds
INFO: [USF-XSim-4] XSim::Simulate design
INFO: [USF-XSim-61] Executing 'SIMULATE' step in 'C:/Users/hrush/Desktop/ASIC_BACKUP/project_1/project_1.sim/sim_1/behav/xsim'
INFO: [USF-XSim-98] *** Running xsim
   with args "tb_metrics_864_behav -key {Behavioral:sim_1:Functional:tb_metrics_864} -tclbatch {tb_metrics_864.tcl} -log {simulate.log}"
INFO: [USF-XSim-8] Loading simulator feature
Time resolution is 1 ps
source tb_metrics_864.tcl
# set curr_wave [current_wave_config]
# if { [string length $curr_wave] == 0 } {
#   if { [llength [get_objects]] > 0} {
#     add_wave /
#     set_property needs_save false [current_wave_config]
#   } else {
#      send_msg_id Add_Wave-1 WARNING "No top level signals found. Simulator will start without a wave window. If you want to open a wave window go to 'File->New Waveform Configuration' or type 'create_wave_config' in the TCL console."
#   }
# }
# run 1000ns

================================================================
  864 PE - DEBUG RUN
  NPE=864  N_classes=5  nl=16(Conv)+5(FC)
================================================================

INFO: [USF-XSim-96] XSim completed. Design snapshot 'tb_metrics_864_behav' loaded.
INFO: [USF-XSim-97] XSim simulation ran for 1000ns
launch_simulation: Time (s): cpu = 00:00:03 ; elapsed = 00:00:19 . Memory (MB): peak = 1210.973 ; gain = 2.609
run all
  [DBG CLASSIFY] t=2636000  classify_cnt=0  r_N_classes=5  cu_valid=1  cu_AC_in=63  ACMax=0  CN_DC_r=0  class_done=0
  [DBG] Entered CLASSIFY: psum_reg=63  r_N_classes=5  classify_cnt=0
  [DBG CLASSIFY] t=2646000  classify_cnt=1  r_N_classes=5  cu_valid=1  cu_AC_in=63  ACMax=63  CN_DC_r=0  class_done=0
  [DBG CLASSIFY] t=2656000  classify_cnt=2  r_N_classes=5  cu_valid=1  cu_AC_in=63  ACMax=63  CN_DC_r=1  class_done=0
  [DBG CLASSIFY] t=2666000  classify_cnt=3  r_N_classes=5  cu_valid=1  cu_AC_in=63  ACMax=63  CN_DC_r=2  class_done=0
  [DBG CLASSIFY] t=2676000  classify_cnt=4  r_N_classes=5  cu_valid=1  cu_AC_in=63  ACMax=63  CN_DC_r=3  class_done=0
  [DBG CLASSIFY] t=2686000  classify_cnt=5  r_N_classes=5  cu_valid=0  cu_AC_in=63  ACMax=63  CN_DC_r=4  class_done=0
  [DBG CLASSIFY] t=2696000  classify_cnt=5  r_N_classes=5  cu_valid=0  cu_AC_in=63  ACMax=63  CN_DC_r=4  class_done=1

================================================================
  RESULTS
================================================================
  Detected class          : 4
  Inference correct       : YES [PASS]
  Total latency           : 2660 ns / 266 cycles
  Active COMPUTE cycles   : 253 / 266
  sigma                   : 0.9511 (95.1%)
  Theta_T @ 100MHz 864PE  : 0.164355 TOPS
  Theta_T @ 3.85GHz 864PE : 6.6528 TOPS  (paper: 6.65)
================================================================

$finish called at time : 2826 ns : File "C:/Users/hrush/Desktop/ASIC_BACKUP/project_1/project_1.srcs/sim_1/new/tb_metric.sv" Line 165
close_sim
INFO: [Simtcl 6-16] Simulation closed
exit
INFO: [Common 17-206] Exiting Vivado at Sun Mar 15 19:51:53 2026...
